Category: 📺央视频道, Name: CCTV-2, Total: 4, Valid: 4, Valid Percent: 100.00%, Whitelist: 0, IPv4: 4, IPv6: 0, Min Delay: 647 ms, Max Speed: 4.61 M/s, Avg Speed: 3.52 M/s, Max Resolution: 1280x720
Category: 📺央视频道, Name: CCTV-3, Total: 8, Valid: 8, Valid Percent: 100.00%, Whitelist: 0, IPv4: 8, IPv6: 0, Min Delay: 88 ms, Max Speed: 59.77 M/s, Avg Speed: 31.79 M/s, Max Resolution: 1920x1080
Category: 📺央视频道, Name: CCTV-4, Total: 11, Valid: 11, Valid Percent: 100.00%, Whitelist: 0, IPv4: 11, IPv6: 0, Min Delay: 88 ms, Max Speed: 59.77 M/s, Avg Speed: 28.70 M/s, Max Resolution: 1920x1080
Category: 📺央视频道, Name: CCTV-5, Total: 22, Valid: 22, Valid Percent: 100.00%, Whitelist: 0, IPv4: 22, IPv6: 0, Min Delay: 88 ms, Max Speed: 59.77 M/s, Avg Speed: 15.78 M/s, Max Resolution: 1920x1080
Category: 📺央视频道, Name: CCTV-5+, Total: 5, Valid: 5, Valid Percent: 100.00%, Whitelist: 0, IPv4: 5, IPv6: 0, Min Delay: 497 ms, Max Speed: 5.91 M/s, Avg Speed: 3.16 M/s, Max Resolution: 1920x1080
Category: 📺央视频道, Name: CCTV-6, Total: 18, Valid: 18, Valid Percent: 100.00%, Whitelist: 0, IPv4: 18, IPv6: 0, Min Delay: 88 ms, Max Speed: 59.77 M/s, Avg Speed: 24.81 M/s, Max Resolution: 1920x1080
Category: 📺央视频道, Name: CCTV-7, Total: 22, Valid: 22, Valid Percent: 100.00%, Whitelist: 0, IPv4: 22, IPv6: 0, Min Delay: 88 ms, Max Speed: 59.77 M/s, Avg Speed: 20.37 M/s, Max Resolution: 1920x1080
Category: 📺央视频道, Name: CCTV-8, Total: 23, Valid: 23, Valid Percent: 100.00%, Whitelist: 0, IPv4: 23, IPv6: 0, Min Delay: 88 ms, Max Speed: 59.77 M/s, Avg Speed: 17.46 M/s, Max Resolution: 1920x1080
Category: 📺央视频道, Name: CCTV-9, Total: 20, Valid: 20, Valid Percent: 100.00%, Whitelist: 0, IPv4: 20, IPv6: 0, Min Delay: 88 ms, Max Speed: 59.77 M/s, Avg Speed: 22.56 M/s, Max Resolution: 1920x1080
Category: 📺央视频道, Name: CCTV-10, Total: 25, Valid: 25, Valid Percent: 100.00%, Whitelist: 0, IPv4: 25, IPv6: 0, Min Delay: 88 ms, Max Speed: 59.77 M/s, Avg Speed: 18.07 M/s, Max Resolution: 1920x1080
Category: 📺央视频道, Name: CCTV-11, Total: 19, Valid: 19, Valid Percent: 100.00%, Whitelist: 0, IPv4: 19, IPv6: 0, Min Delay: 88 ms, Max Speed: 59.77 M/s, Avg Speed: 20.61 M/s, Max Resolution: 1920x1080
Category: 📺央视频道, Name: CCTV-12, Total: 20, Valid: 20, Valid Percent: 100.00%, Whitelist: 0, IPv4: 20, IPv6: 0, Min Delay: 88 ms, Max Speed: 59.77 M/s, Avg Speed: 22.57 M/s, Max Resolution: 1920x1080
Category: 📺央视频道, Name: CCTV-13, Total: 18, Valid: 18, Valid Percent: 100.00%, Whitelist: 0, IPv4: 18, IPv6: 0, Min Delay: 88 ms, Max Speed: 59.77 M/s, Avg Speed: 24.92 M/s, Max Resolution: 1920x1080
Category: 📺央视频道, Name: CCTV-14, Total: 25, Valid: 25, Valid Percent: 100.00%, Whitelist: 0, IPv4: 22, IPv6: 3, Min Delay: 88 ms, Max Speed: 59.77 M/s, Avg Speed: 18.39 M/s, Max Resolution: 1920x1080
Category: 📺央视频道, Name: CCTV-15, Total: 22, Valid: 22, Valid Percent: 100.00%, Whitelist: 0, IPv4: 22, IPv6: 0, Min Delay: 88 ms, Max Speed: 59.77 M/s, Avg Speed: 20.92 M/s, Max Resolution: 1920x1080
Category: 📺央视频道, Name: CCTV-16, Total: 18, Valid: 18, Valid Percent: 100.00%, Whitelist: 0, IPv4: 18, IPv6: 0, Min Delay: 88 ms, Max Speed: 59.77 M/s, Avg Speed: 15.38 M/s, Max Resolution: 1920x1080
Category: 📺央视频道, Name: CCTV-17, Total: 20, Valid: 20, Valid Percent: 100.00%, Whitelist: 0, IPv4: 20, IPv6: 0, Min Delay: 88 ms, Max Speed: 59.77 M/s, Avg Speed: 22.57 M/s, Max Resolution: 1920x1080
Category: 📡卫视频道, Name: 广东卫视, Total: 13, Valid: 13, Valid Percent: 100.00%, Whitelist: 0, IPv4: 13, IPv6: 0, Min Delay: 88 ms, Max Speed: 59.77 M/s, Avg Speed: 29.02 M/s, Max Resolution: 1920x1080
Category: 📡卫视频道, Name: 浙江卫视, Total: 15, Valid: 15, Valid Percent: 100.00%, Whitelist: 0, IPv4: 15, IPv6: 0, Min Delay: 88 ms, Max Speed: 59.77 M/s, Avg Speed: 25.48 M/s, Max Resolution: 1920x1080
Category: 📡卫视频道, Name: 湖南卫视, Total: 22, Valid: 22, Valid Percent: 100.00%, Whitelist: 0, IPv4: 22, IPv6: 0, Min Delay: 88 ms, Max Speed: 59.77 M/s, Avg Speed: 20.59 M/s, Max Resolution: 1920x1080
Category: 📡卫视频道, Name: 北京卫视, Total: 17, Valid: 17, Valid Percent: 100.00%, Whitelist: 0, IPv4: 17, IPv6: 0, Min Delay: 88 ms, Max Speed: 59.77 M/s, Avg Speed: 22.78 M/s, Max Resolution: 1920x1080
Category: 📡卫视频道, Name: 湖北卫视, Total: 16, Valid: 16, Valid Percent: 100.00%, Whitelist: 0, IPv4: 16, IPv6: 0, Min Delay: 88 ms, Max Speed: 59.77 M/s, Avg Speed: 27.50 M/s, Max Resolution: 1920x1080
Category: 📡卫视频道, Name: 黑龙江卫视, Total: 15, Valid: 15, Valid Percent: 100.00%, Whitelist: 0, IPv4: 15, IPv6: 0, Min Delay: 88 ms, Max Speed: 59.77 M/s, Avg Speed: 29.04 M/s, Max Resolution: 1920x1080
Category: 📡卫视频道, Name: 安徽卫视, Total: 16, Valid: 16, Valid Percent: 100.00%, Whitelist: 0, IPv4: 16, IPv6: 0, Min Delay: 88 ms, Max Speed: 59.77 M/s, Avg Speed: 27.36 M/s, Max Resolution: 1920x1080
Category: 📡卫视频道, Name: 重庆卫视, Total: 17, Valid: 17, Valid Percent: 100.00%, Whitelist: 0, IPv4: 17, IPv6: 0, Min Delay: 88 ms, Max Speed: 59.77 M/s, Avg Speed: 29.40 M/s, Max Resolution: 1920x1080
Category: 📡卫视频道, Name: 东方卫视, Total: 20, Valid: 20, Valid Percent: 100.00%, Whitelist: 0, IPv4: 20, IPv6: 0, Min Delay: 88 ms, Max Speed: 59.77 M/s, Avg Speed: 27.29 M/s, Max Resolution: 1920x1080
Category: 📡卫视频道, Name: 东南卫视, Total: 18, Valid: 18, Valid Percent: 100.00%, Whitelist: 0, IPv4: 16, IPv6: 2, Min Delay: 88 ms, Max Speed: 59.77 M/s, Avg Speed: 31.06 M/s, Max Resolution: 1920x1080
Category: 📡卫视频道, Name: 甘肃卫视, Total: 12, Valid: 12, Valid Percent: 100.00%, Whitelist: 0, IPv4: 11, IPv6: 1, Min Delay: 88 ms, Max Speed: 59.77 M/s, Avg Speed: 35.92 M/s, Max Resolution: 1920x1080
Category: 📡卫视频道, Name: 广西卫视, Total: 16, Valid: 15, Valid Percent: 93.75%, Whitelist: 0, IPv4: 16, IPv6: 0, Min Delay: 88 ms, Max Speed: 59.77 M/s, Avg Speed: 37.21 M/s, Max Resolution: 1920x1080
Category: 📡卫视频道, Name: 贵州卫视, Total: 17, Valid: 17, Valid Percent: 100.00%, Whitelist: 0, IPv4: 17, IPv6: 0, Min Delay: 88 ms, Max Speed: 59.77 M/s, Avg Speed: 36.13 M/s, Max Resolution: 1920x1080
Category: 📡卫视频道, Name: 海南卫视, Total: 11, Valid: 11, Valid Percent: 100.00%, Whitelist: 0, IPv4: 11, IPv6: 0, Min Delay: 88 ms, Max Speed: 59.77 M/s, Avg Speed: 38.71 M/s, Max Resolution: 1920x1080
Category: 📡卫视频道, Name: 河北卫视, Total: 20, Valid: 20, Valid Percent: 100.00%, Whitelist: 0, IPv4: 20, IPv6: 0, Min Delay: 88 ms, Max Speed: 59.77 M/s, Avg Speed: 27.80 M/s, Max Resolution: 1920x1080
Category: 📡卫视频道, Name: 河南卫视, Total: 19, Valid: 19, Valid Percent: 100.00%, Whitelist: 0, IPv4: 19, IPv6: 0, Min Delay: 88 ms, Max Speed: 59.77 M/s, Avg Speed: 32.47 M/s, Max Resolution: 1920x1080
Category: 📡卫视频道, Name: 吉林卫视, Total: 13, Valid: 13, Valid Percent: 100.00%, Whitelist: 0, IPv4: 13, IPv6: 0, Min Delay: 88 ms, Max Speed: 59.77 M/s, Avg Speed: 28.85 M/s, Max Resolution: 1920x1080
Category: 📡卫视频道, Name: 江苏卫视, Total: 19, Valid: 19, Valid Percent: 100.00%, Whitelist: 0, IPv4: 19, IPv6: 0, Min Delay: 88 ms, Max Speed: 59.77 M/s, Avg Speed: 24.55 M/s, Max Resolution: 1920x1080
Category: 📡卫视频道, Name: 江西卫视, Total: 15, Valid: 15, Valid Percent: 100.00%, Whitelist: 0, IPv4: 15, IPv6: 0, Min Delay: 88 ms, Max Speed: 59.77 M/s, Avg Speed: 29.04 M/s, Max Resolution: 1920x1080
Category: 📡卫视频道, Name: 辽宁卫视, Total: 16, Valid: 16, Valid Percent: 100.00%, Whitelist: 0, IPv4: 16, IPv6: 0, Min Delay: 88 ms, Max Speed: 59.77 M/s, Avg Speed: 31.19 M/s, Max Resolution: 1920x1080
Category: 📡卫视频道, Name: 内蒙古卫视, Total: 14, Valid: 14, Valid Percent: 100.00%, Whitelist: 0, IPv4: 12, IPv6: 2, Min Delay: 88 ms, Max Speed: 59.77 M/s, Avg Speed: 22.65 M/s, Max Resolution: 1920x1080
Category: 📡卫视频道, Name: 宁夏卫视, Total: 13, Valid: 13, Valid Percent: 100.00%, Whitelist: 0, IPv4: 13, IPv6: 0, Min Delay: 88 ms, Max Speed: 59.77 M/s, Avg Speed: 29.27 M/s, Max Resolution: 1920x1080
Category: 📡卫视频道, Name: 青海卫视, Total: 18, Valid: 18, Valid Percent: 100.00%, Whitelist: 0, IPv4: 16, IPv6: 2, Min Delay: 88 ms, Max Speed: 59.77 M/s, Avg Speed: 27.62 M/s, Max Resolution: 1920x1080
Category: 📡卫视频道, Name: 山东卫视, Total: 17, Valid: 17, Valid Percent: 100.00%, Whitelist: 0, IPv4: 17, IPv6: 0, Min Delay: 88 ms, Max Speed: 59.77 M/s, Avg Speed: 25.88 M/s, Max Resolution: 1920x1080
Category: 📡卫视频道, Name: 山西卫视, Total: 12, Valid: 12, Valid Percent: 100.00%, Whitelist: 0, IPv4: 12, IPv6: 0, Min Delay: 88 ms, Max Speed: 59.77 M/s, Avg Speed: 26.30 M/s, Max Resolution: 1920x1080
Category: 📡卫视频道, Name: 陕西卫视, Total: 12, Valid: 12, Valid Percent: 100.00%, Whitelist: 0, IPv4: 12, IPv6: 0, Min Delay: 88 ms, Max Speed: 59.77 M/s, Avg Speed: 16.75 M/s, Max Resolution: 1920x1080
Category: 📡卫视频道, Name: 四川卫视, Total: 18, Valid: 18, Valid Percent: 100.00%, Whitelist: 0, IPv4: 18, IPv6: 0, Min Delay: 88 ms, Max Speed: 59.77 M/s, Avg Speed: 34.16 M/s, Max Resolution: 1920x1080
Category: 📡卫视频道, Name: 深圳卫视, Total: 16, Valid: 16, Valid Percent: 100.00%, Whitelist: 0, IPv4: 16, IPv6: 0, Min Delay: 88 ms, Max Speed: 59.77 M/s, Avg Speed: 27.36 M/s, Max Resolution: 1920x1080
Category: 📡卫视频道, Name: 三沙卫视, Total: 11, Valid: 11, Valid Percent: 100.00%, Whitelist: 0, IPv4: 11, IPv6: 0, Min Delay: 88 ms, Max Speed: 59.77 M/s, Avg Speed: 33.91 M/s, Max Resolution: 1920x1080
Category: 📡卫视频道, Name: 天津卫视, Total: 16, Valid: 16, Valid Percent: 100.00%, Whitelist: 0, IPv4: 16, IPv6: 0, Min Delay: 88 ms, Max Speed: 59.77 M/s, Avg Speed: 23.75 M/s, Max Resolution: 1920x1080
Category: 📡卫视频道, Name: 西藏卫视, Total: 13, Valid: 13, Valid Percent: 100.00%, Whitelist: 0, IPv4: 11, IPv6: 2, Min Delay: 88 ms, Max Speed: 59.77 M/s, Avg Speed: 24.01 M/s, Max Resolution: 1920x1080
Category: 📡卫视频道, Name: 新疆卫视, Total: 16, Valid: 16, Valid Percent: 100.00%, Whitelist: 0, IPv4: 15, IPv6: 1, Min Delay: 88 ms, Max Speed: 59.77 M/s, Avg Speed: 19.80 M/s, Max Resolution: 1920x1080
Category: 📡卫视频道, Name: 云南卫视, Total: 19, Valid: 19, Valid Percent: 100.00%, Whitelist: 0, IPv4: 18, IPv6: 1, Min Delay: 88 ms, Max Speed: 59.77 M/s, Avg Speed: 29.23 M/s, Max Resolution: 1920x1080
